// Jest Snapshot v1, https://goo.gl/fbAQLP

exports[`<HoldingBoxDND /> renders correctly 1`] = `
<WithStyles(ForwardRef(Paper))
  className="vertical-space-1"
  id="holdingBoxList"
  tabIndex={0}
>
  <WithStyles(ForwardRef(Typography))
    className="pad-1"
    component="h1"
    variant="h5"
  >
    My Choices
  </WithStyles(ForwardRef(Typography))>
  <div
    className="make-your-own-button-add-container"
  >
    <WithStyles(Tooltip)
      title="Make Your Own Button"
    >
      <button
        aria-label="Make Your Own Button"
        className="commonListItem holdingBoxListItem"
        onKeyPress={[Function]}
        tabIndex={0}
      >
        <AddIcon />
      </button>
    </WithStyles(Tooltip)>
  </div>
</WithStyles(ForwardRef(Paper))>
`;
